---
source: tests/requests/auth.rs
expression: user
---
Model {
    created_at: DATE,
    updated_at: DATE,
    id: PID,
    email: "resend_user@loco.com",
    password: "PASSWORD",
    api_key: "lo-PID",
    name: "loco",
    reset_token: None,
    reset_sent_at: None,
    email_verification_token: Some(
        "PID",
    ),
    email_verification_sent_at: Some(
        DATE,
    ),
    email_verified_at: None,
    magic_link_token: None,
    magic_link_expiration: None,
    phone: None,
    profile_image: None,
    is_verified: Some(
        false,
    ),
    is_active: Some(
        true,
    ),
    is_staff: Some(
        false,
    ),
    google_id: None,
    auth_provider: None,
    is_blocked: Some(
        false,
    ),
    blocked_reason: None,
    cpf: None,
}
